
> snipeproof-frontend@1.0.0 build
> npm run typecheck && vite build && node scripts/export.mjs


> snipeproof-frontend@1.0.0 typecheck
> tsc --noEmit

vite v7.3.1 building client environment for production...
transforming...
node_modules/@base-org/account/node_modules/ox/_esm/core/Address.js (6:21): A comment

"/*#__PURE__*/"

in "node_modules/@base-org/account/node_modules/ox/_esm/core/Address.js" contains an annotation that Rollup cannot interpret due to the position of the comment. The comment will be removed to avoid issues.
node_modules/@base-org/account/node_modules/ox/_esm/core/Base64.js (6:27): A comment

"/*#__PURE__*/"

in "node_modules/@base-org/account/node_modules/ox/_esm/core/Base64.js" contains an annotation that Rollup cannot interpret due to the position of the comment. The comment will be removed to avoid issues.
node_modules/@coinbase/wallet-sdk/node_modules/ox/_esm/core/Address.js (6:21): A comment

"/*#__PURE__*/"

in "node_modules/@coinbase/wallet-sdk/node_modules/ox/_esm/core/Address.js" contains an annotation that Rollup cannot interpret due to the position of the comment. The comment will be removed to avoid issues.
node_modules/@coinbase/wallet-sdk/node_modules/ox/_esm/core/Base64.js (6:27): A comment

"/*#__PURE__*/"

in "node_modules/@coinbase/wallet-sdk/node_modules/ox/_esm/core/Base64.js" contains an annotation that Rollup cannot interpret due to the position of the comment. The comment will be removed to avoid issues.
node_modules/porto/node_modules/ox/_esm/core/Base64.js (6:27): A comment

"/*#__PURE__*/"

in "node_modules/porto/node_modules/ox/_esm/core/Base64.js" contains an annotation that Rollup cannot interpret due to the position of the comment. The comment will be removed to avoid issues.
node_modules/@base-org/account/node_modules/ox/_esm/core/internal/cursor.js (2:21): A comment

"/*#__PURE__*/"

in "node_modules/@base-org/account/node_modules/ox/_esm/core/internal/cursor.js" contains an annotation that Rollup cannot interpret due to the position of the comment. The comment will be removed to avoid issues.
node_modules/@coinbase/wallet-sdk/node_modules/ox/_esm/core/internal/cursor.js (2:21): A comment

"/*#__PURE__*/"

in "node_modules/@coinbase/wallet-sdk/node_modules/ox/_esm/core/internal/cursor.js" contains an annotation that Rollup cannot interpret due to the position of the comment. The comment will be removed to avoid issues.
node_modules/porto/node_modules/zod/v4/core/util.js (400:0): A comment

"// Wrapped in a `@__PURE__` IIFE: esbuild never tree-shakes a top-level initializer that contains a member access on `Number`, so the bare object literal survived into every bundle."

in "node_modules/porto/node_modules/zod/v4/core/util.js" contains an annotation that Rollup cannot interpret due to the position of the comment. The comment will be removed to avoid issues.
node_modules/porto/node_modules/zod/v4/core/regexes.js (74:0): A comment

"/** Anchors a pattern source. The interpolation lives here rather than at the call site because
 * esbuild will not drop a `@__PURE__` call whose own argument interpolates a variable, but it
 * will drop `anchor(dateSource)`. Keeping it inline pinned `date` into every bundle. */"

in "node_modules/porto/node_modules/zod/v4/core/regexes.js" contains an annotation that Rollup cannot interpret due to the position of the comment. The comment will be removed to avoid issues.
node_modules/@walletconnect/utils/node_modules/ox/_esm/core/Address.js (6:21): A comment

"/*#__PURE__*/"

in "node_modules/@walletconnect/utils/node_modules/ox/_esm/core/Address.js" contains an annotation that Rollup cannot interpret due to the position of the comment. The comment will be removed to avoid issues.
node_modules/@walletconnect/utils/node_modules/ox/_esm/core/internal/cursor.js (2:21): A comment

"/*#__PURE__*/"

in "node_modules/@walletconnect/utils/node_modules/ox/_esm/core/internal/cursor.js" contains an annotation that Rollup cannot interpret due to the position of the comment. The comment will be removed to avoid issues.
node_modules/@reown/appkit/node_modules/ox/_esm/core/Address.js (6:21): A comment

"/*#__PURE__*/"

in "node_modules/@reown/appkit/node_modules/ox/_esm/core/Address.js" contains an annotation that Rollup cannot interpret due to the position of the comment. The comment will be removed to avoid issues.
node_modules/@reown/appkit/node_modules/ox/_esm/core/internal/cursor.js (2:21): A comment

"/*#__PURE__*/"

in "node_modules/@reown/appkit/node_modules/ox/_esm/core/internal/cursor.js" contains an annotation that Rollup cannot interpret due to the position of the comment. The comment will be removed to avoid issues.
node_modules/@reown/appkit-controllers/node_modules/ox/_esm/core/Address.js (6:21): A comment

"/*#__PURE__*/"

in "node_modules/@reown/appkit-controllers/node_modules/ox/_esm/core/Address.js" contains an annotation that Rollup cannot interpret due to the position of the comment. The comment will be removed to avoid issues.
node_modules/@reown/appkit-controllers/node_modules/ox/_esm/core/internal/cursor.js (2:21): A comment

"/*#__PURE__*/"

in "node_modules/@reown/appkit-controllers/node_modules/ox/_esm/core/internal/cursor.js" contains an annotation that Rollup cannot interpret due to the position of the comment. The comment will be removed to avoid issues.
✓ 5160 modules transformed.
rendering chunks...
computing gzip size...
../dist/index.html                   0.87 kB │ gzip:   0.57 kB
../dist/assets/index-ChBz4PIn.css   14.45 kB │ gzip:   3.79 kB
../dist/assets/ccip-B1mXeWx-.js      2.61 kB │ gzip:   1.23 kB
../dist/assets/index-BAgT_8zo.js   560.75 kB │ gzip: 173.07 kB

(!) Some chunks are larger than 500 kB after minification. Consider:
- Using dynamic import() to code-split the application
- Use build.rollupOptions.output.manualChunks to improve chunking: https://rollupjs.org/configuration-options/#output-manualchunks
- Adjust chunk size limit for this warning via build.chunkSizeWarningLimit.
✓ built in 13.40s
Verified pinned SNIP ABI: 38880b8e56d42ce900f744a7908c7139632a49f1c3f33385c64ceaed29d37bee
Verified pinned AntiSniperDecayHook ABI: ae4eb61557cac201ca88f440d823f167a133fe718d5104eb5c4d234b3beac4db
Manifest written after export: 6 assets.
